// Jest Snapshot v1, https://goo.gl/fbAQLP

exports[`main 1`] = `
{
  "account": {
    "number": "XX5489",
    "number_formatted": "x5489",
    "type": "card",
  },
  "transaction": {
    "amount": 12345,
    "currency": "INR",
    "date": "Wed Jan 31 2024 20:05:04 GMT+0530 (India Standard Time)",
    "merchant": "DREAMPLUG T",
    "type": "debit",
  },
}
`;
