// Jest Snapshot v1, https://goo.gl/fbAQLP

exports[`main 1`] = `
{
  "account": {
    "number": "XX2621",
    "number_formatted": "x2621",
    "type": "account",
  },
  "transaction": {
    "amount": 234.82,
    "currency": "INR",
    "date": "Wed Mar 06 2024 07:44:40 GMT+0000 (India Standard Time)",
    "merchant": "AUTOBPay/JioPostpai/406696",
    "type": "debit",
  },
}
`;
