// Jest Snapshot v1, https://goo.gl/fbAQLP

exports[`main 1`] = `
{
  "account": {
    "number": "XX4000",
    "number_formatted": "x4000",
    "type": "card",
  },
  "transaction": {
    "amount": 1516,
    "currency": "INR",
    "date": "Wed Feb 21 2024 00:00:00 GMT+0000 (India Standard Time)",
    "merchant": "IND*Amazon",
    "type": "debit",
  },
}
`;

exports[`main 2`] = `
{
  "account": {
    "number": "XX187",
    "number_formatted": "x187",
    "type": "upi",
  },
  "transaction": {
    "amount": 123,
    "currency": "INR",
    "date": "Wed Feb 28 2024 00:00:00 GMT+0000 (India Standard Time)",
    "merchant": "SATHISHKUMAR PA",
    "type": "debit",
  },
}
`;
